[oob-header-based-interaction:dns] [http] [info] https://193.190.150.11
[oob-header-based-interaction:dns] [http] [info] https://193.190.150.12
[oob-header-based-interaction:dns] [http] [info] https://193.190.150.62
[oob-header-based-interaction:dns] [http] [info] https://1edcu-admin.originate.fiservapps.com
[oob-header-based-interaction:dns] [http] [info] https://1edcu.originate.fiservapps.com
[oob-header-based-interaction:dns] [http] [info] https://1edcu-dn.financial-net.com
[oob-header-based-interaction:dns] [http] [info] https://1firstbank-admin.originate.fiservapps.com
[oob-header-based-interaction:dns] [http] [info] https://1firstbank.originate.fiservapps.com
[oob-header-based-interaction:dns] [http] [info] https://1fsb.originate.fiservapps.com
[oob-header-based-interaction:dns] [http] [info] https://1fsb-admin.originate.fiservapps.com
[oob-header-based-interaction:dns] [http] [info] https://1nbbank.onlinebank.com
[oob-header-based-interaction:dns] [http] [info] https://1nbcarlyle.originate.fiservapps.com
[oob-header-based-interaction:dns] [http] [info] https://1nbcarlyle-admin.originate.fiservapps.com
[oob-header-based-interaction:dns] [http] [info] https://1star.businesstrack.com
[oob-header-based-interaction:dns] [http] [info] https://1stcooperative-dc.cert.fec-dc.fiservapps.com
[oob-header-based-interaction:dns] [http] [info] https://1stchoicecu-dc.cert.fec-dc.fiservapps.com
[oob-header-based-interaction:dns] [http] [info] https://1stchoicecu-dn.financial-net.com
[oob-header-based-interaction:dns] [http] [info] https://1stgateway-admin.originate.fiservapps.com
[oob-header-based-interaction:dns] [http] [info] https://1stgateway.originate.fiservapps.com
[oob-header-based-interaction:dns] [http] [info] https://1stsourcebank-corpoint.fiservapps.com
[oob-header-based-interaction:dns] [http] [info] https://1stsecurityroundup.onlinebank.com
[oob-header-based-interaction:dns] [http] [info] https://1stsecurityroundup.architect-cert.fiservapps.com
